ATGCGTGCTGGTTAAATGCCTCCTGCTGCTGCTCCTCGTTTACGTGGTGCTACTCGTCGTGCTCGTCCTGGTCGTGCTCCTCCTCGTCAATGTGGTGGTCAAGCTCGTCGTTTATTAGTTCGTATGGCTGAAAATCGTTGTTGGCCTTGTTTAGCTTCTATGTCTGGTGCTGGTCGTGATCCTTCTGGTCGTCATGGTGGTTTAGGTCAAGAATTACGTGATCGTTCTGGTTCTTCTCCTGCTTGGCGTGCTGCTTCTCGTAAATATTAAATGCCTCGTCGTCGTTCTCGTCGTCCTGCTCCTCATGAACCTTCTTCTTTAGGTCATGGTGTTTGTGCTCAAGATATGCCTGGTCCTCGTTAAATGTCTCGTCAACAACGTGTTCAACAACGTATGCGTCGTTTTGCTGCTCGTCGTTTAATGCGTGGTGCTCCTCGTGCTGCTCGTCGTCATGTTCCTGGTGTTCCTTCTGCTGCTGCTCCTGGTCAATCTGCTGCTCCTGTTTGTGAAATGCAATGTCGTTGTGCTCAACAACGTGCTGCTGGTCGTCGTGGTGCTCGTGAACGTTCTCAACGTGGTAATGGTCCTGCTACTGGTTTATGGTTAGCTGAACATGGTTTTTGTCCTGTTCCTCGTCCTTCTCGTGTTCCTTGGGCTGCTCGTCATTTATTAGGTGTTGAAGATATGCCTCCTCGTCCTTTAGCTCCTGTTCCTGCTTCTGGTACTGCTGGTCCTCGTTCTGTTATGCCTGCTGCTGTTCCTTCTCATTCTCCTGCTCAACGTTTACCTGGTTCTTTAATGTCTTCTGGTTAAATGGGTGGTATTGATCCTCCTGGTACTACTCGTCCTCCTGCTCGTGATTGTACTCCTTCTACTGCTGGTCGTGAACGTATGGGTACTGGTCAAGCTCGTTTACCTCGTTCTGGTCCTCGTATGCATCGTTCTATGGGTTCTCCTATGCGTGATCGTTCTTCTCCTCCTTTTTCTTCTGCTGCTTAA
946 +
745 +
685 +
1 +
16 +
271 +
346 +
394 +
421 +
124 +
934 +
364 +
892 +
160 +
799 +
814 +
